// Jest Snapshot v1, https://goo.gl/fbAQLP

exports[`Compiler should compile 1`] = `1`;
